SHA512 (expected-1.1.0.tar.gz) = ce970c31582869af9d0b3349f386db207dd4881db0bdfd3744331b0a62fe2886dde598a75882fb00254afa3549fb9d4c2bd1ff7682744891d403edfd4ff73492
